EN cntr_incr_decr_addn_f NULL /home/marco/xilinx/14.3/ISE_DS/edk_user_repository/MyProcessorIPLib/pcores/camera_interface_module_v1_00_a/devl/projnav/../../../../../../EDK/hw/XilinxProcessorIPLib/pcores/proc_common_v3_00_a/hdl/vhdl/cntr_incr_decr_addn_f.vhd sub00/vhpl08 1362693843
AR srl_fifo_rbu_f imp /home/marco/xilinx/14.3/ISE_DS/edk_user_repository/MyProcessorIPLib/pcores/camera_interface_module_v1_00_a/devl/projnav/../../../../../../EDK/hw/XilinxProcessorIPLib/pcores/proc_common_v3_00_a/hdl/vhdl/srl_fifo_rbu_f.vhd sub00/vhpl15 1362693848
PH family_support NULL /home/marco/xilinx/14.3/ISE_DS/edk_user_repository/MyProcessorIPLib/pcores/camera_interface_module_v1_00_a/devl/projnav/../../../../../../EDK/hw/XilinxProcessorIPLib/pcores/proc_common_v3_00_a/hdl/vhdl/family_support.vhd sub00/vhpl00 1362693835
PH proc_common_pkg NULL /home/marco/xilinx/14.3/ISE_DS/edk_user_repository/MyProcessorIPLib/pcores/camera_interface_module_v1_00_a/devl/projnav/../../../../../../EDK/hw/XilinxProcessorIPLib/pcores/proc_common_v3_00_a/hdl/vhdl/proc_common_pkg.vhd sub00/vhpl02 1362693837
AR pselect_f imp /home/marco/xilinx/14.3/ISE_DS/EDK/hw/XilinxProcessorIPLib/pcores/proc_common_v3_00_a/hdl/vhdl/pselect_f.vhd sub00/vhpl21 1362504659
AR srl_fifo_f imp /home/marco/xilinx/14.3/ISE_DS/edk_user_repository/MyProcessorIPLib/pcores/camera_interface_module_v1_00_a/devl/projnav/../../../../../../EDK/hw/XilinxProcessorIPLib/pcores/proc_common_v3_00_a/hdl/vhdl/srl_fifo_f.vhd sub00/vhpl19 1362693850
EN muxf_struct_f NULL /home/marco/xilinx/14.3/ISE_DS/edk_user_repository/MyProcessorIPLib/pcores/camera_interface_module_v1_00_a/devl/projnav/../../../../../../EDK/hw/XilinxProcessorIPLib/pcores/proc_common_v3_00_a/hdl/vhdl/muxf_struct_f.vhd sub00/vhpl06 1362693841
AR counter_f imp /home/marco/xilinx/14.3/ISE_DS/EDK/hw/XilinxProcessorIPLib/pcores/proc_common_v3_00_a/hdl/vhdl/counter_f.vhd sub00/vhpl17 1362504655
EN muxf_struct NULL /home/marco/xilinx/14.3/ISE_DS/edk_user_repository/MyProcessorIPLib/pcores/camera_interface_module_v1_00_a/devl/projnav/../../../../../../EDK/hw/XilinxProcessorIPLib/pcores/proc_common_v3_00_a/hdl/vhdl/muxf_struct_f.vhd sub00/vhpl04 1362693839
EN or_gate128 NULL /home/marco/xilinx/14.3/ISE_DS/EDK/hw/XilinxProcessorIPLib/pcores/proc_common_v3_00_a/hdl/vhdl/or_gate128.vhd sub00/vhpl22 1362504660
PH ipif_pkg NULL /home/marco/xilinx/14.3/ISE_DS/EDK/hw/XilinxProcessorIPLib/pcores/proc_common_v3_00_a/hdl/vhdl/ipif_pkg.vhd sub00/vhpl24 1362504662
EN counter_f NULL /home/marco/xilinx/14.3/ISE_DS/EDK/hw/XilinxProcessorIPLib/pcores/proc_common_v3_00_a/hdl/vhdl/counter_f.vhd sub00/vhpl16 1362504654
PB family_support family_support /home/marco/xilinx/14.3/ISE_DS/edk_user_repository/MyProcessorIPLib/pcores/camera_interface_module_v1_00_a/devl/projnav/../../../../../../EDK/hw/XilinxProcessorIPLib/pcores/proc_common_v3_00_a/hdl/vhdl/family_support.vhd sub00/vhpl01 1362693836
PB proc_common_pkg proc_common_pkg /home/marco/xilinx/14.3/ISE_DS/edk_user_repository/MyProcessorIPLib/pcores/camera_interface_module_v1_00_a/devl/projnav/../../../../../../EDK/hw/XilinxProcessorIPLib/pcores/proc_common_v3_00_a/hdl/vhdl/proc_common_pkg.vhd sub00/vhpl03 1362693838
AR muxf_struct_f imp /home/marco/xilinx/14.3/ISE_DS/edk_user_repository/MyProcessorIPLib/pcores/camera_interface_module_v1_00_a/devl/projnav/../../../../../../EDK/hw/XilinxProcessorIPLib/pcores/proc_common_v3_00_a/hdl/vhdl/muxf_struct_f.vhd sub00/vhpl07 1362693842
AR dynshreg_f behavioral /home/marco/xilinx/14.3/ISE_DS/edk_user_repository/MyProcessorIPLib/pcores/camera_interface_module_v1_00_a/devl/projnav/../../../../../../EDK/hw/XilinxProcessorIPLib/pcores/proc_common_v3_00_a/hdl/vhdl/dynshreg_f.vhd sub00/vhpl11 1362693846
AR or_muxcy implementation /home/marco/xilinx/14.3/ISE_DS/EDK/hw/XilinxProcessorIPLib/pcores/proc_common_v3_00_a/hdl/vhdl/or_muxcy.vhd sub00/vhpl13 1362504651
EN srl_fifo_rbu_f NULL /home/marco/xilinx/14.3/ISE_DS/edk_user_repository/MyProcessorIPLib/pcores/camera_interface_module_v1_00_a/devl/projnav/../../../../../../EDK/hw/XilinxProcessorIPLib/pcores/proc_common_v3_00_a/hdl/vhdl/srl_fifo_rbu_f.vhd sub00/vhpl14 1362693847
EN srl_fifo_f NULL /home/marco/xilinx/14.3/ISE_DS/edk_user_repository/MyProcessorIPLib/pcores/camera_interface_module_v1_00_a/devl/projnav/../../../../../../EDK/hw/XilinxProcessorIPLib/pcores/proc_common_v3_00_a/hdl/vhdl/srl_fifo_f.vhd sub00/vhpl18 1362693849
EN dynshreg_f NULL /home/marco/xilinx/14.3/ISE_DS/edk_user_repository/MyProcessorIPLib/pcores/camera_interface_module_v1_00_a/devl/projnav/../../../../../../EDK/hw/XilinxProcessorIPLib/pcores/proc_common_v3_00_a/hdl/vhdl/dynshreg_f.vhd sub00/vhpl10 1362693845
EN pselect_f NULL /home/marco/xilinx/14.3/ISE_DS/EDK/hw/XilinxProcessorIPLib/pcores/proc_common_v3_00_a/hdl/vhdl/pselect_f.vhd sub00/vhpl20 1362504658
AR muxf_struct imp /home/marco/xilinx/14.3/ISE_DS/edk_user_repository/MyProcessorIPLib/pcores/camera_interface_module_v1_00_a/devl/projnav/../../../../../../EDK/hw/XilinxProcessorIPLib/pcores/proc_common_v3_00_a/hdl/vhdl/muxf_struct_f.vhd sub00/vhpl05 1362693840
AR or_gate128 imp /home/marco/xilinx/14.3/ISE_DS/EDK/hw/XilinxProcessorIPLib/pcores/proc_common_v3_00_a/hdl/vhdl/or_gate128.vhd sub00/vhpl23 1362504661
PB ipif_pkg ipif_pkg /home/marco/xilinx/14.3/ISE_DS/EDK/hw/XilinxProcessorIPLib/pcores/proc_common_v3_00_a/hdl/vhdl/ipif_pkg.vhd sub00/vhpl25 1362504663
AR cntr_incr_decr_addn_f imp /home/marco/xilinx/14.3/ISE_DS/edk_user_repository/MyProcessorIPLib/pcores/camera_interface_module_v1_00_a/devl/projnav/../../../../../../EDK/hw/XilinxProcessorIPLib/pcores/proc_common_v3_00_a/hdl/vhdl/cntr_incr_decr_addn_f.vhd sub00/vhpl09 1362693844
EN or_muxcy NULL /home/marco/xilinx/14.3/ISE_DS/EDK/hw/XilinxProcessorIPLib/pcores/proc_common_v3_00_a/hdl/vhdl/or_muxcy.vhd sub00/vhpl12 1362504650
