V3 73
FL /home/marco/xilinx/14.3/ISE_DS/EDK/hw/XilinxProcessorIPLib/pcores/proc_common_v3_00_a/hdl/vhdl/cntr_incr_decr_addn_f.vhd 2012/10/02.12:15:44 P.40xd
FL /home/marco/xilinx/14.3/ISE_DS/EDK/hw/XilinxProcessorIPLib/pcores/proc_common_v3_00_a/hdl/vhdl/counter_f.vhd 2012/10/02.12:15:44 P.40xd
EN proc_common_v3_00_a/counter_f 1362504654 \
      FL /home/marco/xilinx/14.3/ISE_DS/EDK/hw/XilinxProcessorIPLib/pcores/proc_common_v3_00_a/hdl/vhdl/counter_f.vhd \
      PB ieee/std_logic_1164 1350103243 PB ieee/NUMERIC_STD 1350103249 LB unisim \
      LB proc_common_v3_00_a PB proc_common_v3_00_a/family_support 1362693836
AR proc_common_v3_00_a/counter_f/imp 1362504655 \
      FL /home/marco/xilinx/14.3/ISE_DS/EDK/hw/XilinxProcessorIPLib/pcores/proc_common_v3_00_a/hdl/vhdl/counter_f.vhd \
      EN proc_common_v3_00_a/counter_f 1362504654 CP std_logic_vector CP std_logic \
      CP MUXCY_L CP XORCY CP FDRE CP unsigned
FL /home/marco/xilinx/14.3/ISE_DS/EDK/hw/XilinxProcessorIPLib/pcores/proc_common_v3_00_a/hdl/vhdl/dynshreg_f.vhd 2012/10/02.12:15:44 P.40xd
FL /home/marco/xilinx/14.3/ISE_DS/EDK/hw/XilinxProcessorIPLib/pcores/proc_common_v3_00_a/hdl/vhdl/family_support.vhd 2012/10/02.12:15:44 P.40xd
FL /home/marco/xilinx/14.3/ISE_DS/EDK/hw/XilinxProcessorIPLib/pcores/proc_common_v3_00_a/hdl/vhdl/ipif_pkg.vhd 2012/10/02.12:15:44 P.40xd
PH proc_common_v3_00_a/ipif_pkg 1362504662 \
      FL /home/marco/xilinx/14.3/ISE_DS/EDK/hw/XilinxProcessorIPLib/pcores/proc_common_v3_00_a/hdl/vhdl/ipif_pkg.vhd \
      PB ieee/std_logic_1164 1350103243 PB ieee/std_logic_arith 1350103244 \
      PB ieee/STD_LOGIC_UNSIGNED 1350103247
PB proc_common_v3_00_a/ipif_pkg 1362504663 \
      FL /home/marco/xilinx/14.3/ISE_DS/EDK/hw/XilinxProcessorIPLib/pcores/proc_common_v3_00_a/hdl/vhdl/ipif_pkg.vhd \
      PH proc_common_v3_00_a/ipif_pkg 1362504662 LB proc_common_v3_00_a \
      PB proc_common_v3_00_a/proc_common_pkg 1362693838
FL /home/marco/xilinx/14.3/ISE_DS/EDK/hw/XilinxProcessorIPLib/pcores/proc_common_v3_00_a/hdl/vhdl/muxf_struct_f.vhd 2012/10/02.12:15:44 P.40xd
FL /home/marco/xilinx/14.3/ISE_DS/EDK/hw/XilinxProcessorIPLib/pcores/proc_common_v3_00_a/hdl/vhdl/or_gate128.vhd 2012/10/02.12:15:44 P.40xd
EN proc_common_v3_00_a/or_gate128 1362504660 \
      FL /home/marco/xilinx/14.3/ISE_DS/EDK/hw/XilinxProcessorIPLib/pcores/proc_common_v3_00_a/hdl/vhdl/or_gate128.vhd \
      PB ieee/std_logic_1164 1350103243 PB ieee/std_logic_arith 1350103244 \
      PB ieee/STD_LOGIC_UNSIGNED 1350103247 LB proc_common_v3_00_a
AR proc_common_v3_00_a/or_gate128/imp 1362504661 \
      FL /home/marco/xilinx/14.3/ISE_DS/EDK/hw/XilinxProcessorIPLib/pcores/proc_common_v3_00_a/hdl/vhdl/or_gate128.vhd \
      EN proc_common_v3_00_a/or_gate128 1362504660 CP std_logic_vector CP or_muxcy
FL /home/marco/xilinx/14.3/ISE_DS/EDK/hw/XilinxProcessorIPLib/pcores/proc_common_v3_00_a/hdl/vhdl/or_muxcy.vhd 2012/10/02.12:15:44 P.40xd
EN proc_common_v3_00_a/or_muxcy 1362504650 \
      FL /home/marco/xilinx/14.3/ISE_DS/EDK/hw/XilinxProcessorIPLib/pcores/proc_common_v3_00_a/hdl/vhdl/or_muxcy.vhd \
      PB ieee/std_logic_1164 1350103243 LB unisim
AR proc_common_v3_00_a/or_muxcy/implementation 1362504651 \
      FL /home/marco/xilinx/14.3/ISE_DS/EDK/hw/XilinxProcessorIPLib/pcores/proc_common_v3_00_a/hdl/vhdl/or_muxcy.vhd \
      EN proc_common_v3_00_a/or_muxcy 1362504650 CP std_logic_vector CP MUXCY
FL /home/marco/xilinx/14.3/ISE_DS/EDK/hw/XilinxProcessorIPLib/pcores/proc_common_v3_00_a/hdl/vhdl/proc_common_pkg.vhd 2012/10/02.12:15:44 P.40xd
FL /home/marco/xilinx/14.3/ISE_DS/EDK/hw/XilinxProcessorIPLib/pcores/proc_common_v3_00_a/hdl/vhdl/pselect_f.vhd 2012/10/02.12:15:44 P.40xd
EN proc_common_v3_00_a/pselect_f 1362504658 \
      FL /home/marco/xilinx/14.3/ISE_DS/EDK/hw/XilinxProcessorIPLib/pcores/proc_common_v3_00_a/hdl/vhdl/pselect_f.vhd \
      PB ieee/std_logic_1164 1350103243 LB unisim LB proc_common_v3_00_a \
      PB proc_common_v3_00_a/family_support 1362693836
AR proc_common_v3_00_a/pselect_f/imp 1362504659 \
      FL /home/marco/xilinx/14.3/ISE_DS/EDK/hw/XilinxProcessorIPLib/pcores/proc_common_v3_00_a/hdl/vhdl/pselect_f.vhd \
      EN proc_common_v3_00_a/pselect_f 1362504658 CP integer CP std_logic_vector \
      CP natural CP positive CP MUXCY
FL /home/marco/xilinx/14.3/ISE_DS/EDK/hw/XilinxProcessorIPLib/pcores/proc_common_v3_00_a/hdl/vhdl/srl_fifo_f.vhd 2012/10/02.12:15:44 P.40xd
FL /home/marco/xilinx/14.3/ISE_DS/EDK/hw/XilinxProcessorIPLib/pcores/proc_common_v3_00_a/hdl/vhdl/srl_fifo_rbu_f.vhd 2012/10/02.12:15:44 P.40xd
FL /home/marco/xilinx/14.3/ISE_DS/edk_user_repository/MyProcessorIPLib/pcores/camera_interface_module_v1_00_a/devl/projnav/../../../../../../EDK/hw/XilinxProcessorIPLib/pcores/proc_common_v3_00_a/hdl/vhdl/cntr_incr_decr_addn_f.vhd 2012/10/02.12:15:44 P.40xd
EN proc_common_v3_00_a/cntr_incr_decr_addn_f 1362693843 \
      FL /home/marco/xilinx/14.3/ISE_DS/edk_user_repository/MyProcessorIPLib/pcores/camera_interface_module_v1_00_a/devl/projnav/../../../../../../EDK/hw/XilinxProcessorIPLib/pcores/proc_common_v3_00_a/hdl/vhdl/cntr_incr_decr_addn_f.vhd \
      PB ieee/std_logic_1164 1350103243
AR proc_common_v3_00_a/cntr_incr_decr_addn_f/imp 1362693844 \
      FL /home/marco/xilinx/14.3/ISE_DS/edk_user_repository/MyProcessorIPLib/pcores/camera_interface_module_v1_00_a/devl/projnav/../../../../../../EDK/hw/XilinxProcessorIPLib/pcores/proc_common_v3_00_a/hdl/vhdl/cntr_incr_decr_addn_f.vhd \
      EN proc_common_v3_00_a/cntr_incr_decr_addn_f 1362693843 \
      LB proc_common_v3_00_a PB ieee/NUMERIC_STD 1350103249 LB unisim \
      CP std_logic_vector CP MUXCY_L CP XORCY CP FDS \
      PB proc_common_v3_00_a/family_support 1362693836
FL /home/marco/xilinx/14.3/ISE_DS/edk_user_repository/MyProcessorIPLib/pcores/camera_interface_module_v1_00_a/devl/projnav/../../../../../../EDK/hw/XilinxProcessorIPLib/pcores/proc_common_v3_00_a/hdl/vhdl/dynshreg_f.vhd 2012/10/02.12:15:44 P.40xd
EN proc_common_v3_00_a/dynshreg_f 1362693845 \
      FL /home/marco/xilinx/14.3/ISE_DS/edk_user_repository/MyProcessorIPLib/pcores/camera_interface_module_v1_00_a/devl/projnav/../../../../../../EDK/hw/XilinxProcessorIPLib/pcores/proc_common_v3_00_a/hdl/vhdl/dynshreg_f.vhd \
      PB ieee/std_logic_1164 1350103243 PB ieee/NUMERIC_STD 1350103249 \
      LB proc_common_v3_00_a PB proc_common_v3_00_a/proc_common_pkg 1362693838
AR proc_common_v3_00_a/dynshreg_f/behavioral 1362693846 \
      FL /home/marco/xilinx/14.3/ISE_DS/edk_user_repository/MyProcessorIPLib/pcores/camera_interface_module_v1_00_a/devl/projnav/../../../../../../EDK/hw/XilinxProcessorIPLib/pcores/proc_common_v3_00_a/hdl/vhdl/dynshreg_f.vhd \
      EN proc_common_v3_00_a/dynshreg_f 1362693845 LB proc_common_v3_00_a \
      PB proc_common_v3_00_a/family_support 1362693836 LB unisim CP bo2na_type \
      CP natural CP integer CP std_logic_vector CP SRLC16E CP SRLC32E \
      CP proc_common_v3_00_a/muxf_struct_f CP dataType
FL /home/marco/xilinx/14.3/ISE_DS/edk_user_repository/MyProcessorIPLib/pcores/camera_interface_module_v1_00_a/devl/projnav/../../../../../../EDK/hw/XilinxProcessorIPLib/pcores/proc_common_v3_00_a/hdl/vhdl/family_support.vhd 2012/10/02.12:15:44 P.40xd
PH proc_common_v3_00_a/family_support 1362693835 \
      FL /home/marco/xilinx/14.3/ISE_DS/edk_user_repository/MyProcessorIPLib/pcores/camera_interface_module_v1_00_a/devl/projnav/../../../../../../EDK/hw/XilinxProcessorIPLib/pcores/proc_common_v3_00_a/hdl/vhdl/family_support.vhd
PB proc_common_v3_00_a/family_support 1362693836 \
      FL /home/marco/xilinx/14.3/ISE_DS/edk_user_repository/MyProcessorIPLib/pcores/camera_interface_module_v1_00_a/devl/projnav/../../../../../../EDK/hw/XilinxProcessorIPLib/pcores/proc_common_v3_00_a/hdl/vhdl/family_support.vhd \
      PH proc_common_v3_00_a/family_support 1362693835
FL /home/marco/xilinx/14.3/ISE_DS/edk_user_repository/MyProcessorIPLib/pcores/camera_interface_module_v1_00_a/devl/projnav/../../../../../../EDK/hw/XilinxProcessorIPLib/pcores/proc_common_v3_00_a/hdl/vhdl/muxf_struct_f.vhd 2012/10/02.12:15:44 P.40xd
EN proc_common_v3_00_a/muxf_struct 1362693839 \
      FL /home/marco/xilinx/14.3/ISE_DS/edk_user_repository/MyProcessorIPLib/pcores/camera_interface_module_v1_00_a/devl/projnav/../../../../../../EDK/hw/XilinxProcessorIPLib/pcores/proc_common_v3_00_a/hdl/vhdl/muxf_struct_f.vhd \
      PB ieee/std_logic_1164 1350103243 LB proc_common_v3_00_a \
      PB proc_common_v3_00_a/proc_common_pkg 1362693838 \
      PB proc_common_v3_00_a/family_support 1362693836 LB unisim
AR proc_common_v3_00_a/muxf_struct/imp 1362693840 \
      FL /home/marco/xilinx/14.3/ISE_DS/edk_user_repository/MyProcessorIPLib/pcores/camera_interface_module_v1_00_a/devl/projnav/../../../../../../EDK/hw/XilinxProcessorIPLib/pcores/proc_common_v3_00_a/hdl/vhdl/muxf_struct_f.vhd \
      EN proc_common_v3_00_a/muxf_struct 1362693839 LB proc_common_v3_00_a \
      LB unisim CP natural CP boolean CP proc_common_v3_00_a/muxf_struct CP MUXF5_D \
      CP MUXF6_D CP MUXF7_D CP MUXF8_D CP std_logic
EN proc_common_v3_00_a/muxf_struct_f 1362693841 \
      FL /home/marco/xilinx/14.3/ISE_DS/edk_user_repository/MyProcessorIPLib/pcores/camera_interface_module_v1_00_a/devl/projnav/../../../../../../EDK/hw/XilinxProcessorIPLib/pcores/proc_common_v3_00_a/hdl/vhdl/muxf_struct_f.vhd \
      PB ieee/std_logic_1164 1350103243 LB proc_common_v3_00_a \
      PB proc_common_v3_00_a/proc_common_pkg 1362693838
AR proc_common_v3_00_a/muxf_struct_f/imp 1362693842 \
      FL /home/marco/xilinx/14.3/ISE_DS/edk_user_repository/MyProcessorIPLib/pcores/camera_interface_module_v1_00_a/devl/projnav/../../../../../../EDK/hw/XilinxProcessorIPLib/pcores/proc_common_v3_00_a/hdl/vhdl/muxf_struct_f.vhd \
      EN proc_common_v3_00_a/muxf_struct_f 1362693841 \
      CP proc_common_v3_00_a/muxf_struct
FL /home/marco/xilinx/14.3/ISE_DS/edk_user_repository/MyProcessorIPLib/pcores/camera_interface_module_v1_00_a/devl/projnav/../../../../../../EDK/hw/XilinxProcessorIPLib/pcores/proc_common_v3_00_a/hdl/vhdl/proc_common_pkg.vhd 2012/10/02.12:15:44 P.40xd
PH proc_common_v3_00_a/proc_common_pkg 1362693837 \
      FL /home/marco/xilinx/14.3/ISE_DS/edk_user_repository/MyProcessorIPLib/pcores/camera_interface_module_v1_00_a/devl/projnav/../../../../../../EDK/hw/XilinxProcessorIPLib/pcores/proc_common_v3_00_a/hdl/vhdl/proc_common_pkg.vhd \
      PB ieee/std_logic_1164 1350103243 PB ieee/std_logic_arith 1350103244 \
      PB ieee/STD_LOGIC_UNSIGNED 1350103247
PB proc_common_v3_00_a/proc_common_pkg 1362693838 \
      FL /home/marco/xilinx/14.3/ISE_DS/edk_user_repository/MyProcessorIPLib/pcores/camera_interface_module_v1_00_a/devl/projnav/../../../../../../EDK/hw/XilinxProcessorIPLib/pcores/proc_common_v3_00_a/hdl/vhdl/proc_common_pkg.vhd \
      PH proc_common_v3_00_a/proc_common_pkg 1362693837
FL /home/marco/xilinx/14.3/ISE_DS/edk_user_repository/MyProcessorIPLib/pcores/camera_interface_module_v1_00_a/devl/projnav/../../../../../../EDK/hw/XilinxProcessorIPLib/pcores/proc_common_v3_00_a/hdl/vhdl/srl_fifo_f.vhd 2012/10/02.12:15:44 P.40xd
EN proc_common_v3_00_a/srl_fifo_f 1362693849 \
      FL /home/marco/xilinx/14.3/ISE_DS/edk_user_repository/MyProcessorIPLib/pcores/camera_interface_module_v1_00_a/devl/projnav/../../../../../../EDK/hw/XilinxProcessorIPLib/pcores/proc_common_v3_00_a/hdl/vhdl/srl_fifo_f.vhd \
      PB ieee/std_logic_1164 1350103243 LB proc_common_v3_00_a \
      PB proc_common_v3_00_a/proc_common_pkg 1362693838
AR proc_common_v3_00_a/srl_fifo_f/imp 1362693850 \
      FL /home/marco/xilinx/14.3/ISE_DS/edk_user_repository/MyProcessorIPLib/pcores/camera_interface_module_v1_00_a/devl/projnav/../../../../../../EDK/hw/XilinxProcessorIPLib/pcores/proc_common_v3_00_a/hdl/vhdl/srl_fifo_f.vhd \
      EN proc_common_v3_00_a/srl_fifo_f 1362693849 LB proc_common_v3_00_a \
      PB proc_common_v3_00_a/proc_common_pkg 1362693838 \
      CP proc_common_v3_00_a/srl_fifo_rbu_f
FL /home/marco/xilinx/14.3/ISE_DS/edk_user_repository/MyProcessorIPLib/pcores/camera_interface_module_v1_00_a/devl/projnav/../../../../../../EDK/hw/XilinxProcessorIPLib/pcores/proc_common_v3_00_a/hdl/vhdl/srl_fifo_rbu_f.vhd 2012/10/02.12:15:44 P.40xd
EN proc_common_v3_00_a/srl_fifo_rbu_f 1362693847 \
      FL /home/marco/xilinx/14.3/ISE_DS/edk_user_repository/MyProcessorIPLib/pcores/camera_interface_module_v1_00_a/devl/projnav/../../../../../../EDK/hw/XilinxProcessorIPLib/pcores/proc_common_v3_00_a/hdl/vhdl/srl_fifo_rbu_f.vhd \
      PB ieee/std_logic_1164 1350103243 PB ieee/NUMERIC_STD 1350103249 \
      LB proc_common_v3_00_a PB proc_common_v3_00_a/proc_common_pkg 1362693838
AR proc_common_v3_00_a/srl_fifo_rbu_f/imp 1362693848 \
      FL /home/marco/xilinx/14.3/ISE_DS/edk_user_repository/MyProcessorIPLib/pcores/camera_interface_module_v1_00_a/devl/projnav/../../../../../../EDK/hw/XilinxProcessorIPLib/pcores/proc_common_v3_00_a/hdl/vhdl/srl_fifo_rbu_f.vhd \
      EN proc_common_v3_00_a/srl_fifo_rbu_f 1362693847 \
      CP proc_common_v3_00_a/cntr_incr_decr_addn_f \
      CP proc_common_v3_00_a/dynshreg_f
