V3 15
FL /home/marco/xilinx/14.3/ISE_DS/EDK/hw/XilinxProcessorIPLib/pcores/plbv46_master_single_v1_01_a/hdl/vhdl/data_mirror_128.vhd 2012/10/02.12:15:24 P.40xd
EN plbv46_master_single_v1_01_a/data_mirror_128 1362504670 \
      FL /home/marco/xilinx/14.3/ISE_DS/EDK/hw/XilinxProcessorIPLib/pcores/plbv46_master_single_v1_01_a/hdl/vhdl/data_mirror_128.vhd \
      PB ieee/std_logic_1164 1350103243 PB ieee/NUMERIC_STD 1350103249 LB unisim
AR plbv46_master_single_v1_01_a/data_mirror_128/implementation 1362504671 \
      FL /home/marco/xilinx/14.3/ISE_DS/EDK/hw/XilinxProcessorIPLib/pcores/plbv46_master_single_v1_01_a/hdl/vhdl/data_mirror_128.vhd \
      EN plbv46_master_single_v1_01_a/data_mirror_128 1362504670
FL /home/marco/xilinx/14.3/ISE_DS/EDK/hw/XilinxProcessorIPLib/pcores/plbv46_master_single_v1_01_a/hdl/vhdl/data_width_adapter.vhd 2012/10/02.12:15:24 P.40xd
EN plbv46_master_single_v1_01_a/data_width_adapter 1362504668 \
      FL /home/marco/xilinx/14.3/ISE_DS/EDK/hw/XilinxProcessorIPLib/pcores/plbv46_master_single_v1_01_a/hdl/vhdl/data_width_adapter.vhd \
      PB ieee/std_logic_1164 1350103243 PB ieee/NUMERIC_STD 1350103249 LB unisim
AR plbv46_master_single_v1_01_a/data_width_adapter/implementation 1362504669 \
      FL /home/marco/xilinx/14.3/ISE_DS/EDK/hw/XilinxProcessorIPLib/pcores/plbv46_master_single_v1_01_a/hdl/vhdl/data_width_adapter.vhd \
      EN plbv46_master_single_v1_01_a/data_width_adapter 1362504668
FL /home/marco/xilinx/14.3/ISE_DS/EDK/hw/XilinxProcessorIPLib/pcores/plbv46_master_single_v1_01_a/hdl/vhdl/plbv46_master_single.vhd 2012/10/02.12:15:24 P.40xd
EN plbv46_master_single_v1_01_a/plbv46_master_single 1362504676 \
      FL /home/marco/xilinx/14.3/ISE_DS/EDK/hw/XilinxProcessorIPLib/pcores/plbv46_master_single_v1_01_a/hdl/vhdl/plbv46_master_single.vhd \
      PB ieee/std_logic_1164 1350103243 PB ieee/NUMERIC_STD 1350103249 \
      LB proc_common_v3_00_a PB proc_common_v3_00_a/proc_common_pkg 1362504641 \
      PB proc_common_v3_00_a/family_support 1362504639 \
      LB plbv46_master_single_v1_01_a \
      EN plbv46_master_single_v1_01_a/data_width_adapter 1362504668 \
      EN plbv46_master_single_v1_01_a/data_mirror_128 1362504670
AR plbv46_master_single_v1_01_a/plbv46_master_single/implementation 1362504677 \
      FL /home/marco/xilinx/14.3/ISE_DS/EDK/hw/XilinxProcessorIPLib/pcores/plbv46_master_single_v1_01_a/hdl/vhdl/plbv46_master_single.vhd \
      EN plbv46_master_single_v1_01_a/plbv46_master_single 1362504676 CP integer \
      CP plbv46_master_single_v1_01_a/data_width_adapter \
      CP plbv46_master_single_v1_01_a/data_mirror_128
