V3 16
FL /home/marco/xilinx/14.3/ISE_DS/edk_user_repository/MyProcessorIPLib/pcores/camera_interface_module_v1_00_a/devl/projnav/../../hdl/vhdl/user_logic.vhd 2013/03/07.10:48:56 P.40xd
EN camera_interface_module_v1_00_a/user_logic 1362693853 \
      FL /home/marco/xilinx/14.3/ISE_DS/edk_user_repository/MyProcessorIPLib/pcores/camera_interface_module_v1_00_a/devl/projnav/../../hdl/vhdl/user_logic.vhd \
      PB ieee/std_logic_1164 1350103243 PB ieee/std_logic_arith 1350103244 \
      PB ieee/STD_LOGIC_UNSIGNED 1350103247 LB proc_common_v3_00_a \
      PB proc_common_v3_00_a/proc_common_pkg 1362693838 \
      EN proc_common_v3_00_a/srl_fifo_f 1362693849
AR camera_interface_module_v1_00_a/user_logic/IMP 1362693854 \
      FL /home/marco/xilinx/14.3/ISE_DS/edk_user_repository/MyProcessorIPLib/pcores/camera_interface_module_v1_00_a/devl/projnav/../../hdl/vhdl/user_logic.vhd \
      EN camera_interface_module_v1_00_a/user_logic 1362693853 CP my_deserializer
FL /home/marco/xilinx/14.3/ISE_DS/edk_user_repository/MyProcessorIPLib/pcores/camera_interface_module_v1_00_a/hdl/vhdl/camera_interface_module.vhd 2013/02/27.10:33:33 P.40xd
EN camera_interface_module_v1_00_a/camera_interface_module 1362504682 \
      FL /home/marco/xilinx/14.3/ISE_DS/edk_user_repository/MyProcessorIPLib/pcores/camera_interface_module_v1_00_a/hdl/vhdl/camera_interface_module.vhd \
      PB ieee/std_logic_1164 1350103243 PB ieee/std_logic_arith 1350103244 \
      PB ieee/STD_LOGIC_UNSIGNED 1350103247 LB proc_common_v3_00_a \
      PB proc_common_v3_00_a/proc_common_pkg 1362693838 \
      PB proc_common_v3_00_a/ipif_pkg 1362504663 LB plbv46_slave_single_v1_01_a \
      EN plbv46_slave_single_v1_01_a/plbv46_slave_single 1362504674 \
      LB plbv46_master_single_v1_01_a \
      EN plbv46_master_single_v1_01_a/plbv46_master_single 1362504676 \
      LB camera_interface_module_v1_00_a \
      EN camera_interface_module_v1_00_a/user_logic 1362693853
AR camera_interface_module_v1_00_a/camera_interface_module/IMP 1362504683 \
      FL /home/marco/xilinx/14.3/ISE_DS/edk_user_repository/MyProcessorIPLib/pcores/camera_interface_module_v1_00_a/hdl/vhdl/camera_interface_module.vhd \
      EN camera_interface_module_v1_00_a/camera_interface_module 1362504682 \
      CP plbv46_slave_single_v1_01_a/plbv46_slave_single \
      CP plbv46_master_single_v1_01_a/plbv46_master_single \
      CP camera_interface_module_v1_00_a/user_logic CP ImageGenerator
FL /home/marco/xilinx/14.3/ISE_DS/edk_user_repository/MyProcessorIPLib/pcores/camera_interface_module_v1_00_a/hdl/vhdl/user_logic.vhd 2013/03/05.18:29:10 P.40xd
