V3 9
FL /home/marco/xilinx/14.3/ISE_DS/edk_user_repository/MyProcessorIPLib/pcores/camera_interface_module_v1_00_a/devl/projnav/ImageGenerator.vhd 2013/01/23.11:37:39 P.40xd
FL /home/marco/xilinx/14.3/ISE_DS/edk_user_repository/MyProcessorIPLib/pcores/camera_interface_module_v1_00_a/hdl/vhdl/ImageGenerator.vhd 2013/03/05.17:58:54 P.40xd
EN work/ImageGenerator 1362504680 \
      FL /home/marco/xilinx/14.3/ISE_DS/edk_user_repository/MyProcessorIPLib/pcores/camera_interface_module_v1_00_a/hdl/vhdl/ImageGenerator.vhd \
      PB ieee/std_logic_1164 1350103243 PB ieee/STD_LOGIC_UNSIGNED 1350103247
AR work/ImageGenerator/Behavioral 1362504681 \
      FL /home/marco/xilinx/14.3/ISE_DS/edk_user_repository/MyProcessorIPLib/pcores/camera_interface_module_v1_00_a/hdl/vhdl/ImageGenerator.vhd \
      EN work/ImageGenerator 1362504680
FL /home/marco/xilinx/14.3/ISE_DS/edk_user_repository/MyProcessorIPLib/pcores/camera_interface_module_v1_00_a/hdl/vhdl/ImageGenerator.vhdl 2013/02/06.13:20:16 P.40xd
FL /home/marco/xilinx/14.3/ISE_DS/edk_user_repository/MyProcessorIPLib/pcores/camera_interface_module_v1_00_a/hdl/vhdl/my_deserializer.vhd 2013/03/04.14:54:19 P.40xd
EN work/my_deserializer 1362504666 \
      FL /home/marco/xilinx/14.3/ISE_DS/edk_user_repository/MyProcessorIPLib/pcores/camera_interface_module_v1_00_a/hdl/vhdl/my_deserializer.vhd \
      PB ieee/std_logic_1164 1350103243 PB ieee/STD_LOGIC_UNSIGNED 1350103247
AR work/my_deserializer/Behavioral 1362504667 \
      FL /home/marco/xilinx/14.3/ISE_DS/edk_user_repository/MyProcessorIPLib/pcores/camera_interface_module_v1_00_a/hdl/vhdl/my_deserializer.vhd \
      EN work/my_deserializer 1362504666
FL /home/marco/xilinx/14.3/ISE_DS/edk_user_repository/MyProcessorIPLib/pcores/camera_interface_module_v1_00_a/hdl/vhdl/my_deserializer.vhdl 2013/02/06.12:39:14 P.40xd
